------------------------------------------------------------
Timing Analyzer Summary
------------------------------------------------------------

Type  : Slow 1100mV 100C Model Setup 'listener_flag'
Slack : -14.771
TNS   : -217.580

Type  : Slow 1100mV 100C Model Setup 'clock_divider:clk|count[14]'
Slack : -13.644
TNS   : -6974.248

Type  : Slow 1100mV 100C Model Setup 'fpga_clock'
Slack : -5.114
TNS   : -76.569

Type  : Slow 1100mV 100C Model Hold 'listener_flag'
Slack : -10.026
TNS   : -83.125

Type  : Slow 1100mV 100C Model Hold 'fpga_clock'
Slack : -4.699
TNS   : -13.106

Type  : Slow 1100mV 100C Model Hold 'clock_divider:clk|count[14]'
Slack : 0.204
TNS   : 0.000

Type  : Slow 1100mV 100C Model Minimum Pulse Width 'fpga_clock'
Slack : -0.580
TNS   : -12.038

Type  : Slow 1100mV 100C Model Minimum Pulse Width 'clock_divider:clk|count[14]'
Slack : -0.568
TNS   : -538.793

Type  : Slow 1100mV 100C Model Minimum Pulse Width 'listener_flag'
Slack : -0.538
TNS   : -47.309

Type  : Slow 1100mV -40C Model Setup 'listener_flag'
Slack : -14.340
TNS   : -224.868

Type  : Slow 1100mV -40C Model Setup 'clock_divider:clk|count[14]'
Slack : -14.267
TNS   : -7082.695

Type  : Slow 1100mV -40C Model Setup 'fpga_clock'
Slack : -5.068
TNS   : -72.912

Type  : Slow 1100mV -40C Model Hold 'listener_flag'
Slack : -10.012
TNS   : -83.451

Type  : Slow 1100mV -40C Model Hold 'fpga_clock'
Slack : -4.462
TNS   : -19.393

Type  : Slow 1100mV -40C Model Hold 'clock_divider:clk|count[14]'
Slack : 0.190
TNS   : 0.000

Type  : Slow 1100mV -40C Model Minimum Pulse Width 'fpga_clock'
Slack : -0.543
TNS   : -12.841

Type  : Slow 1100mV -40C Model Minimum Pulse Width 'clock_divider:clk|count[14]'
Slack : -0.538
TNS   : -512.816

Type  : Slow 1100mV -40C Model Minimum Pulse Width 'listener_flag'
Slack : -0.538
TNS   : -48.151

Type  : Fast 1100mV 100C Model Setup 'listener_flag'
Slack : -7.733
TNS   : -83.018

Type  : Fast 1100mV 100C Model Setup 'clock_divider:clk|count[14]'
Slack : -6.678
TNS   : -3405.311

Type  : Fast 1100mV 100C Model Setup 'fpga_clock'
Slack : -2.677
TNS   : -40.036

Type  : Fast 1100mV 100C Model Hold 'listener_flag'
Slack : -4.842
TNS   : -39.754

Type  : Fast 1100mV 100C Model Hold 'fpga_clock'
Slack : -2.521
TNS   : -6.469

Type  : Fast 1100mV 100C Model Hold 'clock_divider:clk|count[14]'
Slack : 0.050
TNS   : 0.000

Type  : Fast 1100mV 100C Model Minimum Pulse Width 'fpga_clock'
Slack : -0.519
TNS   : -1.879

Type  : Fast 1100mV 100C Model Minimum Pulse Width 'listener_flag'
Slack : -0.226
TNS   : -13.454

Type  : Fast 1100mV 100C Model Minimum Pulse Width 'clock_divider:clk|count[14]'
Slack : -0.212
TNS   : -36.075

Type  : Fast 1100mV -40C Model Setup 'listener_flag'
Slack : -6.270
TNS   : -68.270

Type  : Fast 1100mV -40C Model Setup 'clock_divider:clk|count[14]'
Slack : -5.712
TNS   : -2918.521

Type  : Fast 1100mV -40C Model Setup 'fpga_clock'
Slack : -2.241
TNS   : -31.256

Type  : Fast 1100mV -40C Model Hold 'listener_flag'
Slack : -4.649
TNS   : -38.616

Type  : Fast 1100mV -40C Model Hold 'fpga_clock'
Slack : -2.266
TNS   : -9.987

Type  : Fast 1100mV -40C Model Hold 'clock_divider:clk|count[14]'
Slack : 0.025
TNS   : 0.000

Type  : Fast 1100mV -40C Model Minimum Pulse Width 'fpga_clock'
Slack : -0.480
TNS   : -1.843

Type  : Fast 1100mV -40C Model Minimum Pulse Width 'listener_flag'
Slack : -0.235
TNS   : -14.157

Type  : Fast 1100mV -40C Model Minimum Pulse Width 'clock_divider:clk|count[14]'
Slack : -0.074
TNS   : -4.493

------------------------------------------------------------
