Flow report for vqe_solver
Tue May 31 00:36:03 2022
Quartus Prime Version 20.1.0 Build 711 06/05/2020 SJ Lite Edition


---------------------
; Table of Contents ;
---------------------
  1. Legal Notice
  2. Flow Summary
  3. Flow Settings
  4. Flow Non-Default Global Settings
  5. Flow Elapsed Time
  6. Flow OS Summary
  7. Flow Log
  8. Flow Messages
  9. Flow Suppressed Messages



----------------
; Legal Notice ;
----------------
Copyright (C) 2020  Intel Corporation. All rights reserved.
Your use of Intel Corporation's design tools, logic functions 
and other software and tools, and any partner logic 
functions, and any output files from any of the foregoing 
(including device programming or simulation files), and any 
associated documentation or information are expressly subject 
to the terms and conditions of the Intel Program License 
Subscription Agreement, the Intel Quartus Prime License Agreement,
the Intel FPGA IP License Agreement, or other applicable license
agreement, including, without limitation, that your use is for
the sole purpose of programming logic devices manufactured by
Intel and sold by Intel or its authorized distributors.  Please
refer to the applicable agreement for further details, at
https://fpgasoftware.intel.com/eula.



+-------------------------------------------------------------------------------+
; Flow Summary                                                                  ;
+---------------------------------+---------------------------------------------+
; Flow Status                     ; Successful - Tue May 31 00:36:03 2022       ;
; Quartus Prime Version           ; 20.1.0 Build 711 06/05/2020 SJ Lite Edition ;
; Revision Name                   ; vqe_solver                                  ;
; Top-level Entity Name           ; vqe_solver                                  ;
; Family                          ; Cyclone V                                   ;
; Device                          ; 5CSEBA6U23I7                                ;
; Timing Models                   ; Final                                       ;
; Logic utilization (in ALMs)     ; 693 / 41,910 ( 2 % )                        ;
; Total registers                 ; 654                                         ;
; Total pins                      ; 14 / 314 ( 4 % )                            ;
; Total virtual pins              ; 0                                           ;
; Total block memory bits         ; 0 / 5,662,720 ( 0 % )                       ;
; Total DSP Blocks                ; 0 / 112 ( 0 % )                             ;
; Total HSSI RX PCSs              ; 0                                           ;
; Total HSSI PMA RX Deserializers ; 0                                           ;
; Total HSSI TX PCSs              ; 0                                           ;
; Total HSSI PMA TX Serializers   ; 0                                           ;
; Total PLLs                      ; 0 / 6 ( 0 % )                               ;
; Total DLLs                      ; 0 / 4 ( 0 % )                               ;
+---------------------------------+---------------------------------------------+


+-----------------------------------------+
; Flow Settings                           ;
+-------------------+---------------------+
; Option            ; Setting             ;
+-------------------+---------------------+
; Start date & time ; 05/31/2022 00:32:43 ;
; Main task         ; Compilation         ;
; Revision Name     ; vqe_solver          ;
+-------------------+---------------------+


+------------------------------------------------------------------------------------------------------------------------------------------+
; Flow Non-Default Global Settings                                                                                                         ;
+-------------------------------------------------+----------------------------------------+----------------+-------------+----------------+
; Assignment Name                                 ; Value                                  ; Default Value  ; Entity Name ; Section Id     ;
+-------------------------------------------------+----------------------------------------+----------------+-------------+----------------+
; ADV_NETLIST_OPT_SYNTH_WYSIWYG_REMAP             ; On                                     ; Off            ; --          ; --             ;
; ALLOW_ANY_RAM_SIZE_FOR_RECOGNITION              ; On                                     ; Off            ; --          ; --             ;
; ALLOW_ANY_ROM_SIZE_FOR_RECOGNITION              ; On                                     ; Off            ; --          ; --             ;
; ALLOW_ANY_SHIFT_REGISTER_SIZE_FOR_RECOGNITION   ; On                                     ; Off            ; --          ; --             ;
; ALLOW_SHIFT_REGISTER_MERGING_ACROSS_HIERARCHIES ; Always                                 ; Auto           ; --          ; --             ;
; ALM_REGISTER_PACKING_EFFORT                     ; High                                   ; Medium         ; --          ; --             ;
; AUTO_RAM_RECOGNITION                            ; Off                                    ; On             ; --          ; --             ;
; AUTO_SHIFT_REGISTER_RECOGNITION                 ; Off                                    ; Auto           ; --          ; --             ;
; COMPILER_SIGNATURE_ID                           ; 238177195169736.165398236304411        ; --             ; --          ; --             ;
; DSP_BLOCK_BALANCING                             ; Logic Elements                         ; Auto           ; --          ; --             ;
; EDA_OUTPUT_DATA_FORMAT                          ; Verilog Hdl                            ; --             ; --          ; eda_simulation ;
; EDA_SIMULATION_TOOL                             ; ModelSim-Altera (Verilog)              ; <None>         ; --          ; --             ;
; FITTER_EFFORT                                   ; Standard Fit                           ; Auto Fit       ; --          ; --             ;
; MAX_BALANCING_DSP_BLOCKS                        ; 112                                    ; -1 (Unlimited) ; --          ; --             ;
; MAX_CORE_JUNCTION_TEMP                          ; 100                                    ; --             ; --          ; --             ;
; MIN_CORE_JUNCTION_TEMP                          ; -40                                    ; --             ; --          ; --             ;
; MUX_RESTRUCTURE                                 ; On                                     ; Auto           ; --          ; --             ;
; OPTIMIZATION_MODE                               ; Aggressive Area                        ; Balanced       ; --          ; --             ;
; OPTIMIZATION_TECHNIQUE                          ; Area                                   ; Balanced       ; --          ; --             ;
; PARTITION_COLOR                                 ; -- (Not supported for targeted family) ; --             ; --          ; Top            ;
; PARTITION_FITTER_PRESERVATION_LEVEL             ; -- (Not supported for targeted family) ; --             ; --          ; Top            ;
; PARTITION_NETLIST_TYPE                          ; -- (Not supported for targeted family) ; --             ; --          ; Top            ;
; PHYSICAL_SYNTHESIS_COMBO_LOGIC_FOR_AREA         ; On                                     ; Off            ; --          ; --             ;
; POWER_BOARD_THERMAL_MODEL                       ; None (CONSERVATIVE)                    ; --             ; --          ; --             ;
; POWER_PRESET_COOLING_SOLUTION                   ; 23 MM HEAT SINK WITH 200 LFPM AIRFLOW  ; --             ; --          ; --             ;
; REMOVE_REDUNDANT_LOGIC_CELLS                    ; On                                     ; Off            ; --          ; --             ;
; SMART_RECOMPILE                                 ; On                                     ; Off            ; --          ; --             ;
+-------------------------------------------------+----------------------------------------+----------------+-------------+----------------+


+--------------------------------------------------------------------------------------------------------------------------+
; Flow Elapsed Time                                                                                                        ;
+----------------------+--------------+-------------------------+---------------------+------------------------------------+
; Module Name          ; Elapsed Time ; Average Processors Used ; Peak Virtual Memory ; Total CPU Time (on all processors) ;
+----------------------+--------------+-------------------------+---------------------+------------------------------------+
; Analysis & Synthesis ; 00:00:23     ; 1.0                     ; 523 MB              ; 00:00:33                           ;
; Fitter               ; 00:02:37     ; 1.0                     ; 1900 MB             ; 00:03:32                           ;
; Assembler            ; 00:00:05     ; 1.0                     ; 535 MB              ; 00:00:06                           ;
; Timing Analyzer      ; 00:00:09     ; 1.5                     ; 901 MB              ; 00:00:12                           ;
; EDA Netlist Writer   ; 00:00:01     ; 1.0                     ; 728 MB              ; 00:00:01                           ;
; Total                ; 00:03:15     ; --                      ; --                  ; 00:04:24                           ;
+----------------------+--------------+-------------------------+---------------------+------------------------------------+


+----------------------------------------------------------------------------------------+
; Flow OS Summary                                                                        ;
+----------------------+------------------+----------------+------------+----------------+
; Module Name          ; Machine Hostname ; OS Name        ; OS Version ; Processor type ;
+----------------------+------------------+----------------+------------+----------------+
; Analysis & Synthesis ; OptiPlex-7050    ; Ubuntu 18.04.6 ; 18         ; x86_64         ;
; Fitter               ; OptiPlex-7050    ; Ubuntu 18.04.6 ; 18         ; x86_64         ;
; Assembler            ; OptiPlex-7050    ; Ubuntu 18.04.6 ; 18         ; x86_64         ;
; Timing Analyzer      ; OptiPlex-7050    ; Ubuntu 18.04.6 ; 18         ; x86_64         ;
; EDA Netlist Writer   ; OptiPlex-7050    ; Ubuntu 18.04.6 ; 18         ; x86_64         ;
+----------------------+------------------+----------------+------------+----------------+


------------
; Flow Log ;
------------
quartus_map --read_settings_files=on --write_settings_files=off vqe_solver -c vqe_solver
quartus_fit --read_settings_files=off --write_settings_files=off vqe_solver -c vqe_solver
quartus_asm --read_settings_files=off --write_settings_files=off vqe_solver -c vqe_solver
quartus_sta vqe_solver -c vqe_solver
quartus_eda --read_settings_files=off --write_settings_files=off vqe_solver -c vqe_solver



